
E:\Computer Vision\CODE_Project_rebuild\x64\Release\glog.dll
E:\Computer Vision\CODE_Project_rebuild\x64\Release\gflags.dll
E:\Computer Vision\CODE_Project_rebuild\x64\Release\opencv_core4.dll
E:\Computer Vision\CODE_Project_rebuild\x64\Release\zlib1.dll
E:\Computer Vision\CODE_Project_rebuild\x64\Release\opencv_imgproc4.dll
E:\Computer Vision\CODE_Project_rebuild\x64\Release\opencv_highgui4.dll
E:\Computer Vision\CODE_Project_rebuild\x64\Release\opencv_videoio4.dll
E:\Computer Vision\CODE_Project_rebuild\x64\Release\opencv_imgcodecs4.dll
E:\Computer Vision\CODE_Project_rebuild\x64\Release\jpeg62.dll
E:\Computer Vision\CODE_Project_rebuild\x64\Release\libwebpdecoder.dll
E:\Computer Vision\CODE_Project_rebuild\x64\Release\libwebp.dll
E:\Computer Vision\CODE_Project_rebuild\x64\Release\libsharpyuv.dll
E:\Computer Vision\CODE_Project_rebuild\x64\Release\libwebpdemux.dll
E:\Computer Vision\CODE_Project_rebuild\x64\Release\libwebpmux.dll
E:\Computer Vision\CODE_Project_rebuild\x64\Release\libpng16.dll
E:\Computer Vision\CODE_Project_rebuild\x64\Release\tiff.dll
E:\Computer Vision\CODE_Project_rebuild\x64\Release\liblzma.dll
E:\Computer Vision\CODE_Project_rebuild\x64\Release\opencv_features2d4.dll
E:\Computer Vision\CODE_Project_rebuild\x64\Release\opencv_flann4.dll
E:\Computer Vision\CODE_Project_rebuild\x64\Release\ceres.dll
E:\Computer Vision\CODE_Project_rebuild\x64\Release\opencv_calib3d4.dll
